<?xml version="1.0" encoding="utf-8"?>
<GameState xmlns:xsd="http://www.w3.org/2001/XMLSchema" xmlns:xsi="http://www.w3.org/2001/XMLSchema-instance">
  <mapData>
    <mapSizeX>100</mapSizeX>
    <mapSizeY>100</mapSizeY>
    <Map />
  </mapData>
  <objectivesData>
    <objectives />
  </objectivesData>
  <unitsData>
    <units>
      <DataStorage>
        <name>Unit</name>
        <parameters>
          <Parameter>
            <name>type</name>
            <value>Unit1</value>
          </Parameter>
          <Parameter>
            <name>faction</name>
            <value>Player</value>
          </Parameter>
          <Parameter>
            <name>x</name>
            <value>24.5</value>
          </Parameter>
          <Parameter>
            <name>y</name>
            <value>18.5</value>
          </Parameter>
          <Parameter>
            <name>hp</name>
            <value>200</value>
          </Parameter>
        </parameters>
        <subcomponents>
          <DataStorage>
            <name>UnitShoot</name>
            <parameters>
              <Parameter>
                <name>cooldown</name>
                <value>4.020005</value>
              </Parameter>
              <Parameter>
                <name>time</name>
                <value>5</value>
              </Parameter>
              <Parameter>
                <name>bulletPhaseIter</name>
                <value>3</value>
              </Parameter>
            </parameters>
          </DataStorage>
          <DataStorage>
            <name>UnitMovement</name>
            <parameters>
              <Parameter>
                <name>currentTileX</name>
                <value>24</value>
              </Parameter>
              <Parameter>
                <name>currentTileY</name>
                <value>18</value>
              </Parameter>
              <Parameter>
                <name>pathfindTargetReached</name>
                <value>False</value>
              </Parameter>
              <Parameter>
                <name>pathfindTargetX</name>
                <value>24</value>
              </Parameter>
              <Parameter>
                <name>pathfindTargetY</name>
                <value>18</value>
              </Parameter>
              <Parameter>
                <name>tileReserved</name>
                <value>False</value>
              </Parameter>
            </parameters>
          </DataStorage>
        </subcomponents>
      </DataStorage>
      <DataStorage>
        <name>Unit</name>
        <parameters>
          <Parameter>
            <name>type</name>
            <value>Unit1</value>
          </Parameter>
          <Parameter>
            <name>faction</name>
            <value>Enemy</value>
          </Parameter>
          <Parameter>
            <name>x</name>
            <value>30.5</value>
          </Parameter>
          <Parameter>
            <name>y</name>
            <value>18.5</value>
          </Parameter>
          <Parameter>
            <name>hp</name>
            <value>120</value>
          </Parameter>
        </parameters>
        <subcomponents>
          <DataStorage>
            <name>UnitShoot</name>
            <parameters>
              <Parameter>
                <name>cooldown</name>
                <value>1.140004</value>
              </Parameter>
              <Parameter>
                <name>time</name>
                <value>5</value>
              </Parameter>
              <Parameter>
                <name>bulletPhaseIter</name>
                <value>3</value>
              </Parameter>
            </parameters>
          </DataStorage>
          <DataStorage>
            <name>UnitMovement</name>
            <parameters>
              <Parameter>
                <name>currentTileX</name>
                <value>30</value>
              </Parameter>
              <Parameter>
                <name>currentTileY</name>
                <value>18</value>
              </Parameter>
              <Parameter>
                <name>pathfindTargetReached</name>
                <value>True</value>
              </Parameter>
            </parameters>
          </DataStorage>
        </subcomponents>
      </DataStorage>
    </units>
  </unitsData>
  <bulletData>
    <bullets />
  </bulletData>
</GameState>