<?xml version="1.0" encoding="utf-8"?>
<GameState xmlns:xsd="http://www.w3.org/2001/XMLSchema" xmlns:xsi="http://www.w3.org/2001/XMLSchema-instance">
  <mapData>
    <mapSizeX>200</mapSizeX>
    <mapSizeY>200</mapSizeY>
    <Map>
      <Tile>
        <tileName>water</tileName>
        <x>15</x>
        <y>14</y>
      </Tile>
      <Tile>
        <tileName>water</tileName>
        <x>15</x>
        <y>15</y>
      </Tile>
      <Tile>
        <tileName>water</tileName>
        <x>15</x>
        <y>16</y>
      </Tile>
      <Tile>
        <tileName>water</tileName>
        <x>16</x>
        <y>13</y>
      </Tile>
      <Tile>
        <tileName>water</tileName>
        <x>16</x>
        <y>14</y>
      </Tile>
      <Tile>
        <tileName>water</tileName>
        <x>16</x>
        <y>15</y>
      </Tile>
      <Tile>
        <tileName>water</tileName>
        <x>16</x>
        <y>16</y>
      </Tile>
      <Tile>
        <tileName>water</tileName>
        <x>16</x>
        <y>17</y>
      </Tile>
      <Tile>
        <tileName>water</tileName>
        <x>17</x>
        <y>12</y>
      </Tile>
      <Tile>
        <tileName>water</tileName>
        <x>17</x>
        <y>13</y>
      </Tile>
      <Tile>
        <tileName>water</tileName>
        <x>17</x>
        <y>14</y>
      </Tile>
      <Tile>
        <tileName>water</tileName>
        <x>17</x>
        <y>17</y>
      </Tile>
      <Tile>
        <tileName>water</tileName>
        <x>18</x>
        <y>12</y>
      </Tile>
      <Tile>
        <tileName>water</tileName>
        <x>19</x>
        <y>12</y>
      </Tile>
      <Tile>
        <tileName>water</tileName>
        <x>19</x>
        <y>13</y>
      </Tile>
      <Tile>
        <tileName>water</tileName>
        <x>19</x>
        <y>17</y>
      </Tile>
      <Tile>
        <tileName>water</tileName>
        <x>20</x>
        <y>13</y>
      </Tile>
      <Tile>
        <tileName>water</tileName>
        <x>20</x>
        <y>14</y>
      </Tile>
      <Tile>
        <tileName>water</tileName>
        <x>20</x>
        <y>16</y>
      </Tile>
      <Tile>
        <tileName>water</tileName>
        <x>20</x>
        <y>17</y>
      </Tile>
      <Tile>
        <tileName>water</tileName>
        <x>21</x>
        <y>14</y>
      </Tile>
      <Tile>
        <tileName>water</tileName>
        <x>21</x>
        <y>16</y>
      </Tile>
      <Tile>
        <tileName>water</tileName>
        <x>21</x>
        <y>17</y>
      </Tile>
      <Tile>
        <tileName>water</tileName>
        <x>22</x>
        <y>14</y>
      </Tile>
      <Tile>
        <tileName>water</tileName>
        <x>22</x>
        <y>16</y>
      </Tile>
    </Map>
  </mapData>
  <objectivesData>
    <objectives />
  </objectivesData>
  <unitsData>
    <units />
  </unitsData>
  <turretsData>
    <turrets />
  </turretsData>
  <bulletData>
    <bullets />
  </bulletData>
  <factionResource>
    <factions />
  </factionResource>
</GameState>