<?xml version="1.0" encoding="utf-8"?>
<GameState xmlns:xsd="http://www.w3.org/2001/XMLSchema" xmlns:xsi="http://www.w3.org/2001/XMLSchema-instance">
  <mapData>
    <mapSizeX>300</mapSizeX>
    <mapSizeY>300</mapSizeY>
    <Map>
      <Tile>
        <tileName>impass</tileName>
        <x>13</x>
        <y>24</y>
      </Tile>
      <Tile>
        <tileName>impass</tileName>
        <x>14</x>
        <y>23</y>
      </Tile>
      <Tile>
        <tileName>impass</tileName>
        <x>14</x>
        <y>24</y>
      </Tile>
      <Tile>
        <tileName>impass</tileName>
        <x>15</x>
        <y>22</y>
      </Tile>
      <Tile>
        <tileName>impass</tileName>
        <x>15</x>
        <y>23</y>
      </Tile>
      <Tile>
        <tileName>impass</tileName>
        <x>16</x>
        <y>21</y>
      </Tile>
      <Tile>
        <tileName>impass</tileName>
        <x>16</x>
        <y>22</y>
      </Tile>
      <Tile>
        <tileName>impass</tileName>
        <x>16</x>
        <y>23</y>
      </Tile>
      <Tile>
        <tileName>impass</tileName>
        <x>17</x>
        <y>20</y>
      </Tile>
      <Tile>
        <tileName>impass</tileName>
        <x>17</x>
        <y>21</y>
      </Tile>
      <Tile>
        <tileName>impass</tileName>
        <x>17</x>
        <y>22</y>
      </Tile>
      <Tile>
        <tileName>impass</tileName>
        <x>18</x>
        <y>19</y>
      </Tile>
      <Tile>
        <tileName>impass</tileName>
        <x>18</x>
        <y>20</y>
      </Tile>
      <Tile>
        <tileName>impass</tileName>
        <x>18</x>
        <y>21</y>
      </Tile>
      <Tile>
        <tileName>impass</tileName>
        <x>19</x>
        <y>18</y>
      </Tile>
      <Tile>
        <tileName>impass</tileName>
        <x>19</x>
        <y>19</y>
      </Tile>
      <Tile>
        <tileName>impass</tileName>
        <x>19</x>
        <y>20</y>
      </Tile>
      <Tile>
        <tileName>impass</tileName>
        <x>20</x>
        <y>17</y>
      </Tile>
      <Tile>
        <tileName>impass</tileName>
        <x>20</x>
        <y>18</y>
      </Tile>
      <Tile>
        <tileName>impass</tileName>
        <x>20</x>
        <y>19</y>
      </Tile>
      <Tile>
        <tileName>impass</tileName>
        <x>20</x>
        <y>20</y>
      </Tile>
      <Tile>
        <tileName>impass</tileName>
        <x>20</x>
        <y>21</y>
      </Tile>
      <Tile>
        <tileName>impass</tileName>
        <x>21</x>
        <y>17</y>
      </Tile>
      <Tile>
        <tileName>impass</tileName>
        <x>21</x>
        <y>18</y>
      </Tile>
      <Tile>
        <tileName>impass</tileName>
        <x>21</x>
        <y>19</y>
      </Tile>
      <Tile>
        <tileName>impass</tileName>
        <x>21</x>
        <y>20</y>
      </Tile>
      <Tile>
        <tileName>impass</tileName>
        <x>21</x>
        <y>21</y>
      </Tile>
      <Tile>
        <tileName>impass</tileName>
        <x>22</x>
        <y>15</y>
      </Tile>
      <Tile>
        <tileName>impass</tileName>
        <x>22</x>
        <y>16</y>
      </Tile>
      <Tile>
        <tileName>impass</tileName>
        <x>22</x>
        <y>17</y>
      </Tile>
      <Tile>
        <tileName>impass</tileName>
        <x>22</x>
        <y>19</y>
      </Tile>
      <Tile>
        <tileName>impass</tileName>
        <x>22</x>
        <y>20</y>
      </Tile>
      <Tile>
        <tileName>impass</tileName>
        <x>22</x>
        <y>21</y>
      </Tile>
      <Tile>
        <tileName>impass</tileName>
        <x>22</x>
        <y>22</y>
      </Tile>
      <Tile>
        <tileName>impass</tileName>
        <x>23</x>
        <y>14</y>
      </Tile>
      <Tile>
        <tileName>impass</tileName>
        <x>23</x>
        <y>15</y>
      </Tile>
      <Tile>
        <tileName>impass</tileName>
        <x>23</x>
        <y>16</y>
      </Tile>
      <Tile>
        <tileName>impass</tileName>
        <x>23</x>
        <y>19</y>
      </Tile>
      <Tile>
        <tileName>impass</tileName>
        <x>23</x>
        <y>22</y>
      </Tile>
      <Tile>
        <tileName>impass</tileName>
        <x>23</x>
        <y>23</y>
      </Tile>
      <Tile>
        <tileName>impass</tileName>
        <x>24</x>
        <y>13</y>
      </Tile>
      <Tile>
        <tileName>impass</tileName>
        <x>24</x>
        <y>14</y>
      </Tile>
      <Tile>
        <tileName>impass</tileName>
        <x>24</x>
        <y>15</y>
      </Tile>
      <Tile>
        <tileName>impass</tileName>
        <x>24</x>
        <y>22</y>
      </Tile>
      <Tile>
        <tileName>impass</tileName>
        <x>24</x>
        <y>23</y>
      </Tile>
      <Tile>
        <tileName>impass</tileName>
        <x>25</x>
        <y>12</y>
      </Tile>
      <Tile>
        <tileName>impass</tileName>
        <x>25</x>
        <y>13</y>
      </Tile>
      <Tile>
        <tileName>impass</tileName>
        <x>25</x>
        <y>14</y>
      </Tile>
      <Tile>
        <tileName>impass</tileName>
        <x>25</x>
        <y>21</y>
      </Tile>
      <Tile>
        <tileName>impass</tileName>
        <x>25</x>
        <y>23</y>
      </Tile>
      <Tile>
        <tileName>impass</tileName>
        <x>25</x>
        <y>24</y>
      </Tile>
      <Tile>
        <tileName>impass</tileName>
        <x>26</x>
        <y>11</y>
      </Tile>
      <Tile>
        <tileName>impass</tileName>
        <x>26</x>
        <y>12</y>
      </Tile>
      <Tile>
        <tileName>impass</tileName>
        <x>26</x>
        <y>13</y>
      </Tile>
      <Tile>
        <tileName>impass</tileName>
        <x>26</x>
        <y>23</y>
      </Tile>
      <Tile>
        <tileName>impass</tileName>
        <x>26</x>
        <y>24</y>
      </Tile>
      <Tile>
        <tileName>impass</tileName>
        <x>26</x>
        <y>25</y>
      </Tile>
      <Tile>
        <tileName>impass</tileName>
        <x>27</x>
        <y>11</y>
      </Tile>
      <Tile>
        <tileName>impass</tileName>
        <x>27</x>
        <y>24</y>
      </Tile>
      <Tile>
        <tileName>impass</tileName>
        <x>27</x>
        <y>25</y>
      </Tile>
    </Map>
  </mapData>
</GameState>